Microchip MPLAB XC8 Compiler V2.45

Linker command line:

-W-3 \
  --edf=C:\Program Files\Microchip\xc8\v2.45\pic\dat\20230818022343_en.msgs \
  -cn -h+dist/default/production\Test_EEPROM.X.production.sym \
  --cmf=dist/default/production\Test_EEPROM.X.production.cmf -z -Q18F26K83 \
  -oC:\Users\Henquin\AppData\Local\Temp\xcAs3lg.\driver_tmp_3.o \
  --defsym=__MPLAB_BUILD=1 --fixupoverflow=error \
  -Mdist/default/production/Test_EEPROM.X.production.map \
  --md=C:\Users\Henquin\AppData\Local\Temp\xcAs3lg.\driver_tmp_0.dat -E1 \
  -ver=XC8 Compiler --acfsm=1493 -ACODE=00h-0FFFFh -ACONST=00h-0FFFFh \
  -ASMALLCONST=01000h-010FFhx240 -AMEDIUMCONST=01000h-0FFFFh \
  -ACOMRAM=01h-05Fh -AABS1=00h-0FFFh -ABIGRAM=01h-0FFFh \
  -ARAM=060h-0FFh,0100h-01FFhx15 -ABANK0=060h-0FFh -ABANK1=0100h-01FFh \
  -ABANK2=0200h-02FFh -ABANK3=0300h-03FFh -ABANK4=0400h-04FFh \
  -ABANK5=0500h-05FFh -ABANK6=0600h-06FFh -ABANK7=0700h-07FFh \
  -ABANK8=0800h-08FFh -ABANK9=0900h-09FFh -ABANK10=0A00h-0AFFh \
  -ABANK11=0B00h-0BFFh -ABANK12=0C00h-0CFFh -ABANK13=0D00h-0DFFh \
  -ABANK14=0E00h-0EFFh -ABANK15=0F00h-0FFFh \
  -ASFR=03700h-037FFhx8,03F00h-03F5Fh,03F60h-03FFFh -ABIGSFR=03700h-03FFFh \
  -ACONFIG=0300000h-0300009h -AIDLOC=0200000h-020000Fh \
  -AEEDATA=0310000h-03103FFh -peeprom_data=EEDATA -preset_vec=00h \
  -ppowerup=CODE,init -pramtop=01000h -psmallconst=SMALLCONST \
  -pmediumconst=MEDIUMCONST -pconst=CONST -AFARRAM=00h-00h \
  -prdata=COMRAM,nvrram=COMRAM,nvbit=COMRAM,rbss=COMRAM,rbit=COMRAM \
  -pfarbss=FARRAM,fardata=FARRAM,nvFARRAM=FARRAM \
  -pintsave_regs=BIGRAM,bigbss=BIGRAM,bigdata=BIGRAM -pbss=RAM \
  -pidata=CODE,irdata=CODE,ibigdata=CODE,ifardata=CODE -prparam=COMRAM \
  C:\Users\Henquin\AppData\Local\Temp\xcAs3lg.\driver_tmp_14.o \
  dist/default/production\Test_EEPROM.X.production.o 

Object code version is 3.11

Machine type is 18F26K83



                Name                               Link     Load   Length Selector   Space Scale
C:\Users\Henquin\AppData\Local\Temp\xcAs3lg.\driver_tmp_14.o
                config                           300000   300000        A        0       4
                init                               FFFC     FFFC        4     7FFE       0
                reset_vec                             0        0        4        0       0
dist/default/production\Test_EEPROM.X.production.o
                config                           300000   300000        A        0       4
                smallconst                         1000     1000       20      800       0
                text40                             3C16     3C16       5C      810       0
                text39                             3F8C     3F8C       20      810       0
                text38                             3FAC     3FAC        E      810       0
                text37                             3A68     3A68       7C      810       0
                text36                             3BB0     3BB0       66      810       0
                text35                             3ED4     3ED4       38      810       0
                text34                             3E9C     3E9C       38      810       0
                text33                             3B4A     3B4A       66      810       0
                text32                             231A     231A      39A      810       0
                text31                             2DDC     2DDC      1B4      810       0
                text30                             3412     3412       D4      810       0
                text29                             3872     3872       AC      810       0
                text28                             34E6     34E6       C4      810       0
                text27                             3668     3668       B0      810       0
                text26                             3F0C     3F0C       34      810       0
                text25                             3FBA     3FBA        2      810       0
                text24                             37C6     37C6       AC      810       0
                text23                             3DEC     3DEC       40      810       0
                text22                             3AE4     3AE4       66      810       0
                text21                             2F90     2F90      17A      810       0
                text20                             391E     391E       AA      810       0
                text19                             3210     3210      104      810       0
                text18                             1ECC     1ECC      44E      810       0
                text17                             3E64     3E64       38      810       0
                text16                             1A0C     1A0C      4C0      810       0
                text15                             3D22     3D22       46      810       0
                text14                             310A     310A      106      810       0
                text13                             3314     3314       FE      810       0
                text12                             2BCA     2BCA      212      810       0
                text11                             3CCC     3CCC       56      810       0
                text10                             3C72     3C72       5A      810       0
                text9                              3DAA     3DAA       42      810       0
                text8                              1020     1020      9EC      810       0
                text7                              3F40     3F40       2A      810       0
                text6                              3718     3718       AE      810       0
                text5                              26B4     26B4      2B0      810       0
                text4                              3D68     3D68       42      810       0
                text3                              3E2C     3E2C       38      810       0
                text2                              35AA     35AA       BE      810       0
                text1                              39C8     39C8       A0      810       0
                text0                              2964     2964      266      810       0
                cstackCOMRAM                          1        1       50        1       1
                cstackBANK0                          60       60       81       60       1
                bssBANK1                            100      100       50      100       1
                bssCOMRAM                            51       51        D        1       1
                cinit                              3F6A     3F6A       22      810       0

TOTAL           Name                               Link     Load   Length     Space
        CLASS   CODE           
                init                               FFFC     FFFC        4         0
                reset_vec                             0        0        4         0
                text40                             3C16     3C16       5C         0
                text39                             3F8C     3F8C       20         0
                text38                             3FAC     3FAC        E         0
                text37                             3A68     3A68       7C         0
                text36                             3BB0     3BB0       66         0
                text35                             3ED4     3ED4       38         0
                text34                             3E9C     3E9C       38         0
                text33                             3B4A     3B4A       66         0
                text32                             231A     231A      39A         0
                text31                             2DDC     2DDC      1B4         0
                text30                             3412     3412       D4         0
                text29                             3872     3872       AC         0
                text28                             34E6     34E6       C4         0
                text27                             3668     3668       B0         0
                text26                             3F0C     3F0C       34         0
                text25                             3FBA     3FBA        2         0
                text24                             37C6     37C6       AC         0
                text23                             3DEC     3DEC       40         0
                text22                             3AE4     3AE4       66         0
                text21                             2F90     2F90      17A         0
                text20                             391E     391E       AA         0
                text19                             3210     3210      104         0
                text18                             1ECC     1ECC      44E         0
                text17                             3E64     3E64       38         0
                text16                             1A0C     1A0C      4C0         0
                text15                             3D22     3D22       46         0
                text14                             310A     310A      106         0
                text13                             3314     3314       FE         0
                text12                             2BCA     2BCA      212         0
                text11                             3CCC     3CCC       56         0
                text10                             3C72     3C72       5A         0
                text9                              3DAA     3DAA       42         0
                text8                              1020     1020      9EC         0
                text7                              3F40     3F40       2A         0
                text6                              3718     3718       AE         0
                text5                              26B4     26B4      2B0         0
                text4                              3D68     3D68       42         0
                text3                              3E2C     3E2C       38         0
                text2                              35AA     35AA       BE         0
                text1                              39C8     39C8       A0         0
                text0                              2964     2964      266         0
                cinit                              3F6A     3F6A       22         0

        CLASS   CONST          

        CLASS   SMALLCONST     
                smallconst                         1000     1000       20         0

        CLASS   MEDIUMCONST    

        CLASS   COMRAM         
                cstackCOMRAM                          1        1       50         1
                bssCOMRAM                            51       51        D         1

        CLASS   ABS1           

        CLASS   BIGRAM         

        CLASS   RAM            

        CLASS   BANK0          
                cstackBANK0                          60       60       81         1

        CLASS   BANK1          
                bssBANK1                            100      100       50         1

        CLASS   BANK2          

        CLASS   BANK3          

        CLASS   BANK4          

        CLASS   BANK5          

        CLASS   BANK6          

        CLASS   BANK7          

        CLASS   BANK8          

        CLASS   BANK9          

        CLASS   BANK10         

        CLASS   BANK11         

        CLASS   BANK12         

        CLASS   BANK13         

        CLASS   BANK14         

        CLASS   BANK15         

        CLASS   SFR            

        CLASS   BIGSFR         

        CLASS   CONFIG         
                config                           300000   300000        A         4

        CLASS   IDLOC          

        CLASS   EEDATA         

        CLASS   FARRAM         

        CLASS   HEAP           

        CLASS   STACK          



SEGMENTS        Name                           Load    Length   Top    Selector   Space  Class

                reset_vec                      000000  000004  000004         0       0  CODE    
                cstackCOMRAM                   000001  00005D  00005E         1       1  COMRAM  
                cstackBANK0                    000060  000081  0000E1        60       1  BANK0   
                bssBANK1                       000100  000050  000150       100       1  BANK1   
                smallconst                     001000  000020  001020       800       0  SMALLCON
                text8                          001020  002F9C  003FBC       810       0  CODE    
                init                           00FFFC  000004  010000      7FFE       0  CODE    


UNUSED ADDRESS RANGES

        Name                Unused          Largest block    Delta
        BANK0            0000E1-0000FF               1F
        BANK1            000150-0001FF               B0
        BANK10           000A00-000AFF              100
        BANK11           000B00-000BFF              100
        BANK12           000C00-000CFF              100
        BANK13           000D00-000DFF              100
        BANK14           000E00-000EFF              100
        BANK15           000F00-000FFF              100
        BANK2            000200-0002FF              100
        BANK3            000300-0003FF              100
        BANK4            000400-0004FF              100
        BANK5            000500-0005FF              100
        BANK6            000600-0006FF              100
        BANK7            000700-0007FF              100
        BANK8            000800-0008FF              100
        BANK9            000900-0009FF              100
        BIGRAM           00005E-00005F                2
                         0000E1-0000FF               1F
                         000150-000FFF              EB0
        BIGSFR           003700-003FFF              900
        CODE             000004-000FFF              FFC
                         003FBC-00FFFB             C040
        COMRAM           00005E-00005F                2
        CONST            000004-000FFF              FFC
                         003FBC-00FFFB             C040
        EEDATA           310000-3103FF              400
        IDLOC            200000-20000F               10
        MEDIUMCONST      003FBC-00FFFB             C040
        RAM              0000E1-0000FF               1F
                         000150-000FFF              100
        SFR              003700-003FFF              100
        SMALLCONST       003FBC-00FFFB              100

                                  Symbol Table

?___awdiv                   cstackCOMRAM 000001
?___awmod                   cstackCOMRAM 000001
?___fladd                   cstackCOMRAM 000001
?___fldiv                   cstackCOMRAM 000001
?___flmul                   cstackCOMRAM 000001
?___flneg                   cstackCOMRAM 000001
?___flsub                   cstackCOMRAM 00001A
?___fltol                   cstackCOMRAM 00001A
?___fpclassifyf             cstackCOMRAM 000001
?___wmul                    cstackCOMRAM 000001
?___xxtofl                  cstackCOMRAM 000009
?_abs                       cstackCOMRAM 000007
?_floorf                    cstackCOMRAM 00001A
?_labs                      cstackCOMRAM 000001
?_loadData                  cstackCOMRAM 000001
?_loadData16                cstackCOMRAM 00001A
?_read_prec_or_width        cstackCOMRAM 000007
?_sprintf                   cstackBANK0  00008F
?_vfprintf                  cstackBANK0  00008C
Lcd_Cmd@a                   cstackCOMRAM 000003
Lcd_Port@a                  cstackCOMRAM 000001
Lcd_Set_Cursor@a            cstackCOMRAM 000005
Lcd_Set_Cursor@b            cstackCOMRAM 000004
Lcd_Set_Cursor@temp         cstackCOMRAM 000008
Lcd_Set_Cursor@y            cstackCOMRAM 000007
Lcd_Set_Cursor@z            cstackCOMRAM 000006
Lcd_Write_Char@a            cstackCOMRAM 000004
Lcd_Write_Char@temp         cstackCOMRAM 000002
Lcd_Write_Char@y            cstackCOMRAM 000003
Lcd_Write_String@a          cstackCOMRAM 000005
Lcd_Write_String@i          cstackCOMRAM 000006
_ANSELA                     (abs)        003A40
_ANSELB                     (abs)        003A50
_ANSELC                     (abs)        003A60
_I2C2CLK                    (abs)        003D65
_I2C2CON0                   (abs)        003D5D
_I2C2SCLPPS                 (abs)        003AE5
_I2C2SDAPPS                 (abs)        003AE6
_Lcd_Clear                  text38       003FAC
_Lcd_Cmd                    text39       003F8C
_Lcd_Init                   text37       003A68
_Lcd_Port                   text40       003C16
_Lcd_Set_Cursor             text36       003BB0
_Lcd_Write_Char             text35       003ED4
_Lcd_Write_String           text34       003E9C
_ODCONB                     (abs)        003A52
_PORTAbits                  (abs)        003FCA
_PORTB                      (abs)        003FCB
_PORTBbits                  (abs)        003FCB
_PORTC                      (abs)        003FCC
_PORTCbits                  (abs)        003FCC
_RB1PPS                     (abs)        003A09
_RB2PPS                     (abs)        003A0A
_RC3PPS                     (abs)        003A13
_RC5PPS                     (abs)        003A15
_RC6PPS                     (abs)        003A16
_SPI1BAUD                   (abs)        003D19
_SPI1CLK                    (abs)        003D1C
_SPI1CON0                   (abs)        003D14
_SPI1CON0bits               (abs)        003D14
_SPI1CON1                   (abs)        003D15
_SPI1CON2bits               (abs)        003D16
_SPI1RXB                    (abs)        003D10
_SPI1SDIPPS                 (abs)        003AE1
_SPI1STATUSbits             (abs)        003D17
_SPI1TCNTH                  (abs)        003D13
_SPI1TCNTL                  (abs)        003D12
_SPI1TWIDTH                 (abs)        003D18
_SPI1TXB                    (abs)        003D11
_TRISA                      (abs)        003FC2
_TRISB                      (abs)        003FC3
_TRISC                      (abs)        003FC4
_U1BRG                      (abs)        003DF5
_U1CON0                     (abs)        003DF2
_U1CON0bits                 (abs)        003DF2
_U1CON1                     (abs)        003DF3
_U1CON2                     (abs)        003DF4
_U1FIFObits                 (abs)        003DF7
_U1RXPPS                    (abs)        003AE7
__HRAM                      (abs)        000000
__H__absolute__             __absolute__ 000000
__Habs1                     abs1         000000
__Hbank0                    bank0        000000
__Hbank1                    bank1        000000
__Hbank10                   bank10       000000
__Hbank11                   bank11       000000
__Hbank12                   bank12       000000
__Hbank13                   bank13       000000
__Hbank14                   bank14       000000
__Hbank15                   bank15       000000
__Hbank2                    bank2        000000
__Hbank3                    bank3        000000
__Hbank4                    bank4        000000
__Hbank5                    bank5        000000
__Hbank6                    bank6        000000
__Hbank7                    bank7        000000
__Hbank8                    bank8        000000
__Hbank9                    bank9        000000
__Hbigbss                   bigbss       000000
__Hbigdata                  bigdata      000000
__Hbigram                   bigram       000000
__Hbigsfr                   bigsfr       000000
__Hbss                      bss          000000
__HbssBANK1                 bssBANK1     000000
__HbssCOMRAM                bssCOMRAM    000000
__Hcinit                    cinit        000000
__Hclrtext                  clrtext      000000
__Hcomram                   comram       000000
__Hconfig                   config       30000A
__Hconst                    const        000000
__HcstackBANK0              cstackBANK0  000000
__HcstackCOMRAM             cstackCOMRAM 000000
__Hdata                     data         000000
__Heeprom_data              eeprom_data  000000
__Hfarbss                   farbss       000000
__Hfardata                  fardata      000000
__Hheap                     heap         000000
__Hibigdata                 ibigdata     000000
__Hidata                    idata        000000
__Hidloc                    idloc        000000
__Hifardata                 ifardata     000000
__Hinit                     init         010000
__Hintsave_regs             intsave_regs 000000
__Hirdata                   irdata       000000
__Hmediumconst              mediumconst  000000
__HnvFARRAM                 nvFARRAM     000000
__Hnvbit                    nvbit        000000
__Hnvrram                   nvrram       000000
__Hparam                    rparam       000000
__Hpowerup                  powerup      000000
__Hram                      ram          000000
__Hramtop                   ramtop       001000
__Hrbit                     rbit         000000
__Hrbss                     rbss         000000
__Hrdata                    rdata        000000
__Hreset_vec                reset_vec    000004
__Hrparam                   rparam       000000
__Hsfr                      sfr          000000
__Hsmallconst               smallconst   001020
__Hspace_0                  (abs)        010000
__Hspace_1                  (abs)        000150
__Hspace_2                  (abs)        000000
__Hspace_4                  (abs)        60000A
__Hstack                    stack        000000
__Hstruct                   struct       000000
__Htemp                     temp         000000
__Htext                     text         000000
__Htext0                    text0        000000
__Htext1                    text1        000000
__Htext10                   text10       000000
__Htext11                   text11       000000
__Htext12                   text12       000000
__Htext13                   text13       000000
__Htext14                   text14       000000
__Htext15                   text15       000000
__Htext16                   text16       000000
__Htext17                   text17       000000
__Htext18                   text18       000000
__Htext19                   text19       000000
__Htext2                    text2        000000
__Htext20                   text20       000000
__Htext21                   text21       000000
__Htext22                   text22       000000
__Htext23                   text23       000000
__Htext24                   text24       000000
__Htext25                   text25       000000
__Htext26                   text26       000000
__Htext27                   text27       000000
__Htext28                   text28       000000
__Htext29                   text29       000000
__Htext3                    text3        000000
__Htext30                   text30       000000
__Htext31                   text31       000000
__Htext32                   text32       000000
__Htext33                   text33       000000
__Htext34                   text34       000000
__Htext35                   text35       000000
__Htext36                   text36       000000
__Htext37                   text37       000000
__Htext38                   text38       000000
__Htext39                   text39       000000
__Htext4                    text4        000000
__Htext40                   text40       000000
__Htext5                    text5        000000
__Htext6                    text6        000000
__Htext7                    text7        000000
__Htext8                    text8        000000
__Htext9                    text9        000000
__LRAM                      (abs)        000001
__L__absolute__             __absolute__ 000000
__Labs1                     abs1         000000
__Lbank0                    bank0        000000
__Lbank1                    bank1        000000
__Lbank10                   bank10       000000
__Lbank11                   bank11       000000
__Lbank12                   bank12       000000
__Lbank13                   bank13       000000
__Lbank14                   bank14       000000
__Lbank15                   bank15       000000
__Lbank2                    bank2        000000
__Lbank3                    bank3        000000
__Lbank4                    bank4        000000
__Lbank5                    bank5        000000
__Lbank6                    bank6        000000
__Lbank7                    bank7        000000
__Lbank8                    bank8        000000
__Lbank9                    bank9        000000
__Lbigbss                   bigbss       000000
__Lbigdata                  bigdata      000000
__Lbigram                   bigram       000000
__Lbigsfr                   bigsfr       000000
__Lbss                      bss          000000
__LbssBANK1                 bssBANK1     000000
__LbssCOMRAM                bssCOMRAM    000000
__Lcinit                    cinit        000000
__Lclrtext                  clrtext      000000
__Lcomram                   comram       000000
__Lconfig                   config       000000
__Lconst                    const        000000
__LcstackBANK0              cstackBANK0  000000
__LcstackCOMRAM             cstackCOMRAM 000000
__Ldata                     data         000000
__Leeprom_data              eeprom_data  000000
__Lfarbss                   farbss       000000
__Lfardata                  fardata      000000
__Lheap                     heap         000000
__Libigdata                 ibigdata     000000
__Lidata                    idata        000000
__Lidloc                    idloc        000000
__Lifardata                 ifardata     000000
__Linit                     init         00FFFC
__Lintsave_regs             intsave_regs 000000
__Lirdata                   irdata       000000
__Lmediumconst              mediumconst  000000
__LnvFARRAM                 nvFARRAM     000000
__Lnvbit                    nvbit        000000
__Lnvrram                   nvrram       000000
__Lparam                    rparam       000000
__Lpowerup                  powerup      000000
__Lram                      ram          000000
__Lramtop                   ramtop       001000
__Lrbit                     rbit         000000
__Lrbss                     rbss         000000
__Lrdata                    rdata        000000
__Lreset_vec                reset_vec    000000
__Lrparam                   rparam       000000
__Lsfr                      sfr          000000
__Lsmallconst               smallconst   001000
__Lspace_0                  (abs)        000000
__Lspace_1                  (abs)        000000
__Lspace_2                  (abs)        000000
__Lspace_4                  (abs)        000000
__Lstack                    stack        000000
__Lstruct                   struct       000000
__Ltemp                     temp         000000
__Ltext                     text         000000
__Ltext0                    text0        000000
__Ltext1                    text1        000000
__Ltext10                   text10       000000
__Ltext11                   text11       000000
__Ltext12                   text12       000000
__Ltext13                   text13       000000
__Ltext14                   text14       000000
__Ltext15                   text15       000000
__Ltext16                   text16       000000
__Ltext17                   text17       000000
__Ltext18                   text18       000000
__Ltext19                   text19       000000
__Ltext2                    text2        000000
__Ltext20                   text20       000000
__Ltext21                   text21       000000
__Ltext22                   text22       000000
__Ltext23                   text23       000000
__Ltext24                   text24       000000
__Ltext25                   text25       000000
__Ltext26                   text26       000000
__Ltext27                   text27       000000
__Ltext28                   text28       000000
__Ltext29                   text29       000000
__Ltext3                    text3        000000
__Ltext30                   text30       000000
__Ltext31                   text31       000000
__Ltext32                   text32       000000
__Ltext33                   text33       000000
__Ltext34                   text34       000000
__Ltext35                   text35       000000
__Ltext36                   text36       000000
__Ltext37                   text37       000000
__Ltext38                   text38       000000
__Ltext39                   text39       000000
__Ltext4                    text4        000000
__Ltext40                   text40       000000
__Ltext5                    text5        000000
__Ltext6                    text6        000000
__Ltext7                    text7        000000
__Ltext8                    text8        000000
__Ltext9                    text9        000000
__S0                        (abs)        010000
__S1                        (abs)        000150
__S4                        (abs)        000000
__S5                        (abs)        000000
___awdiv                    text28       0034E6
___awdiv@counter            cstackCOMRAM 000005
___awdiv@dividend           cstackCOMRAM 000001
___awdiv@divisor            cstackCOMRAM 000003
___awdiv@quotient           cstackCOMRAM 000007
___awdiv@sign               cstackCOMRAM 000006
___awmod                    text27       003668
___awmod@counter            cstackCOMRAM 000005
___awmod@dividend           cstackCOMRAM 000001
___awmod@divisor            cstackCOMRAM 000003
___awmod@sign               cstackCOMRAM 000006
___fladd                    text16       001A0C
___fladd@a                  cstackCOMRAM 000005
___fladd@aexp               cstackCOMRAM 00000E
___fladd@b                  cstackCOMRAM 000001
___fladd@bexp               cstackCOMRAM 00000F
___fladd@grs                cstackCOMRAM 000010
___fladd@signs              cstackCOMRAM 00000D
___fldiv                    text32       00231A
___fldiv@a                  cstackCOMRAM 000005
___fldiv@aexp               cstackCOMRAM 000019
___fldiv@b                  cstackCOMRAM 000001
___fldiv@bexp               cstackCOMRAM 000018
___fldiv@grs                cstackCOMRAM 000014
___fldiv@new_exp            cstackCOMRAM 000012
___fldiv@rem                cstackCOMRAM 00000D
___fldiv@sign               cstackCOMRAM 000011
___fleq                     text20       00391E
___fleq@ff1                 cstackCOMRAM 000001
___fleq@ff2                 cstackCOMRAM 000005
___flge                     text19       003210
___flge@ff1                 cstackCOMRAM 00001A
___flge@ff2                 cstackCOMRAM 00001E
___flmul                    text18       001ECC
___flmul@a                  cstackCOMRAM 000005
___flmul@aexp               cstackCOMRAM 000012
___flmul@b                  cstackCOMRAM 000001
___flmul@bexp               cstackCOMRAM 000013
___flmul@grs                cstackCOMRAM 00000E
___flmul@prod               cstackCOMRAM 000014
___flmul@sign               cstackCOMRAM 00000D
___flmul@temp               cstackCOMRAM 000018
___flneg                    text17       003E64
___flneg@f1                 cstackCOMRAM 000001
___flsub                    text15       003D22
___flsub@a                  cstackCOMRAM 00001E
___flsub@b                  cstackCOMRAM 00001A
___fltol                    text14       00310A
___fltol@exp1               cstackCOMRAM 000023
___fltol@f1                 cstackCOMRAM 00001A
___fltol@sign1              cstackCOMRAM 000022
___fpclassifyf              text13       003314
___fpclassifyf@F465         bssCOMRAM    000055
___fpclassifyf@e            cstackCOMRAM 000009
___fpclassifyf@u            cstackCOMRAM 00000B
___fpclassifyf@x            cstackCOMRAM 000001
___heap_hi                  (abs)        000000
___heap_lo                  (abs)        000000
___inthi_sp                 stack        000000
___inthi_stack_hi           stack        000000
___inthi_stack_lo           stack        000000
___intlo_sp                 stack        000000
___intlo_stack_hi           stack        000000
___intlo_stack_lo           stack        000000
___param_bank               (abs)        000000
___rparam_used              (abs)        000001
___sp                       stack        000000
___stack_hi                 stack        000000
___stack_lo                 stack        000000
___wmul                     text7        003F40
___wmul@multiplicand        cstackCOMRAM 000003
___wmul@multiplier          cstackCOMRAM 000001
___wmul@product             cstackCOMRAM 000005
___xxtofl                   text31       002DDC
___xxtofl@arg               cstackCOMRAM 000013
___xxtofl@exp               cstackCOMRAM 000012
___xxtofl@sign              cstackCOMRAM 000011
___xxtofl@val               cstackCOMRAM 000009
__accesstop                 (abs)        000060
__activetblptr              (abs)        000002
__end_of_Lcd_Clear          text38       003FBA
__end_of_Lcd_Cmd            text39       003FAC
__end_of_Lcd_Init           text37       003AE4
__end_of_Lcd_Port           text40       003C72
__end_of_Lcd_Set_Cursor     text36       003C16
__end_of_Lcd_Write_Char     text35       003F0C
__end_of_Lcd_Write_String   text34       003ED4
__end_of___awdiv            text28       0035AA
__end_of___awmod            text27       003718
__end_of___fladd            text16       001ECC
__end_of___fldiv            text32       0026B4
__end_of___fleq             text20       0039C8
__end_of___flge             text19       003314
__end_of___flmul            text18       00231A
__end_of___flneg            text17       003E9C
__end_of___flsub            text15       003D68
__end_of___fltol            text14       003210
__end_of___fpclassifyf      text13       003412
__end_of___wmul             text7        003F6A
__end_of___xxtofl           text31       002F90
__end_of__initialization    cinit        003F82
__end_of_abs                text26       003F40
__end_of_deleteAll          text33       003BB0
__end_of_dtoa               text21       00310A
__end_of_efgtoa             text8        001A0C
__end_of_floorf             text12       002DDC
__end_of_fputc              text24       003872
__end_of_fputs              text23       003E2C
__end_of_labs               text11       003D22
__end_of_loadData           text30       0034E6
__end_of_loadData16         text29       00391E
__end_of_main               text0        002BCA
__end_of_memcpy             text10       003CCC
__end_of_pad                text22       003B4A
__end_of_putch              text25       003FBC
__end_of_read_prec_or_width text6        0037C6
__end_of_sprintf            text3        003E64
__end_of_strcpy             text9        003DEC
__end_of_vfpfcnvrt          text5        002964
__end_of_vfprintf           text4        003DAA
__end_of_writeData          text2        003668
__end_of_writeData16        text1        003A68
__initialization            cinit        003F6A
__mediumconst               mediumconst  000000
__pbssBANK1                 bssBANK1     000100
__pbssCOMRAM                bssCOMRAM    000051
__pcinit                    cinit        003F6A
__pcstackBANK0              cstackBANK0  000060
__pcstackCOMRAM             cstackCOMRAM 000001
__psmallconst               smallconst   001000
__ptext0                    text0        002964
__ptext1                    text1        0039C8
__ptext10                   text10       003C72
__ptext11                   text11       003CCC
__ptext12                   text12       002BCA
__ptext13                   text13       003314
__ptext14                   text14       00310A
__ptext15                   text15       003D22
__ptext16                   text16       001A0C
__ptext17                   text17       003E64
__ptext18                   text18       001ECC
__ptext19                   text19       003210
__ptext2                    text2        0035AA
__ptext20                   text20       00391E
__ptext21                   text21       002F90
__ptext22                   text22       003AE4
__ptext23                   text23       003DEC
__ptext24                   text24       0037C6
__ptext25                   text25       003FBA
__ptext26                   text26       003F0C
__ptext27                   text27       003668
__ptext28                   text28       0034E6
__ptext29                   text29       003872
__ptext3                    text3        003E2C
__ptext30                   text30       003412
__ptext31                   text31       002DDC
__ptext32                   text32       00231A
__ptext33                   text33       003B4A
__ptext34                   text34       003E9C
__ptext35                   text35       003ED4
__ptext36                   text36       003BB0
__ptext37                   text37       003A68
__ptext38                   text38       003FAC
__ptext39                   text39       003F8C
__ptext4                    text4        003D68
__ptext40                   text40       003C16
__ptext5                    text5        0026B4
__ptext6                    text6        003718
__ptext7                    text7        003F40
__ptext8                    text8        001020
__ptext9                    text9        003DAA
__ramtop                    ramtop       001000
__smallconst                smallconst   001000
_abs                        text26       003F0C
_dbuf                       bssBANK1     000100
_deleteAll                  text33       003B4A
_dtoa                       text21       002F90
_dtoa$1058                  cstackCOMRAM 00001A
_efgtoa                     text8        001020
_efgtoa$1089                cstackBANK0  000066
_flags                      bssCOMRAM    00005D
_floorf                     text12       002BCA
_fputc                      text24       0037C6
_fputs                      text23       003DEC
_labs                       text11       003CCC
_loadData                   text30       003412
_loadData16                 text29       003872
_main                       text0        002964
_memcpy                     text10       003C72
_pad                        text22       003AE4
_prec                       bssCOMRAM    00005B
_putch                      text25       003FBA
_read_prec_or_width         text6        003718
_sprintf                    text3        003E2C
_strcpy                     text9        003DAA
_vfpfcnvrt                  text5        0026B4
_vfprintf                   text4        003D68
_width                      bssCOMRAM    000059
_writeData                  text2        0035AA
_writeData16                text1        0039C8
abs@a                       cstackCOMRAM 000007
dtoa@d                      cstackCOMRAM 000018
dtoa@fp                     cstackCOMRAM 000017
dtoa@i                      cstackCOMRAM 000021
dtoa@p                      cstackCOMRAM 00001E
dtoa@s                      cstackCOMRAM 000020
dtoa@w                      cstackCOMRAM 00001C
efgtoa@c                    cstackCOMRAM 000033
efgtoa@d                    cstackBANK0  00006B
efgtoa@e                    cstackBANK0  00006F
efgtoa@f                    cstackCOMRAM 00002F
efgtoa@fp                   cstackCOMRAM 00002E
efgtoa@g                    cstackBANK0  000082
efgtoa@h                    cstackBANK0  000079
efgtoa@i                    cstackBANK0  000077
efgtoa@l                    cstackBANK0  00007D
efgtoa@m                    cstackBANK0  00006D
efgtoa@mode                 cstackBANK0  000069
efgtoa@n                    cstackBANK0  000086
efgtoa@ne                   cstackBANK0  000060
efgtoa@nmode                cstackBANK0  00006A
efgtoa@ou                   cstackBANK0  000073
efgtoa@p                    cstackBANK0  000062
efgtoa@pp                   cstackBANK0  000068
efgtoa@sign                 cstackBANK0  000081
efgtoa@t                    cstackBANK0  000064
efgtoa@u                    cstackBANK0  000088
efgtoa@w                    cstackBANK0  000071
end_of_initialization       cinit        003F82
floorf@F521                 bssCOMRAM    000051
floorf@e                    cstackCOMRAM 000028
floorf@m                    cstackCOMRAM 000024
floorf@u                    cstackCOMRAM 00002A
floorf@x                    cstackCOMRAM 00001A
fputc@c                     cstackCOMRAM 000001
fputc@fp                    cstackCOMRAM 000003
fputs@c                     cstackCOMRAM 00000C
fputs@fp                    cstackCOMRAM 00000B
fputs@i                     cstackCOMRAM 00000D
fputs@s                     cstackCOMRAM 000009
intlevel0                   text         000000
intlevel1                   text         000000
intlevel2                   text         000000
intlevel3                   text         000000
isa$std                     (abs)        000001
isa$xinst                   (abs)        000000
labs@a                      cstackCOMRAM 000001
loadData16@address          cstackCOMRAM 00001A
loadData16@addressHighValue cstackCOMRAM 00002A
loadData16@addressLowValue  cstackCOMRAM 000028
loadData16@floatValue       cstackCOMRAM 000020
loadData16@val              cstackCOMRAM 00002C
loadData16@valFinale        cstackCOMRAM 000024
loadData@address            cstackCOMRAM 000001
loadData@valEEPROM          cstackCOMRAM 000006
loadData@valEEPROM2         cstackCOMRAM 000007
loadData@valEEPROM3         cstackCOMRAM 000008
main@affiche16              cstackBANK0  0000D9
main@deletedData            cstackBANK0  0000DD
main@ligne1                 cstackBANK0  000095
main@valeurTest             cstackBANK0  0000D5
memcpy@d                    cstackCOMRAM 000008
memcpy@d1                   cstackCOMRAM 000001
memcpy@n                    cstackCOMRAM 000005
memcpy@s                    cstackCOMRAM 00000A
memcpy@s1                   cstackCOMRAM 000003
memcpy@tmp                  cstackCOMRAM 000007
pad@buf                     cstackCOMRAM 000010
pad@fp                      cstackCOMRAM 00000F
pad@i                       cstackCOMRAM 000015
pad@p                       cstackCOMRAM 000012
read_prec_or_width@ap       cstackCOMRAM 000008
read_prec_or_width@c        cstackCOMRAM 000009
read_prec_or_width@fmt      cstackCOMRAM 000007
read_prec_or_width@n        cstackCOMRAM 00000A
sprintf@ap                  cstackCOMRAM 000042
sprintf@f                   cstackCOMRAM 000043
sprintf@fmt                 cstackBANK0  000090
sprintf@s                   cstackBANK0  00008F
stackhi                     (abs)        000000
stacklo                     (abs)        000000
start                       init         00FFFC
start_initialization        cinit        003F6A
strcpy@d                    cstackCOMRAM 000005
strcpy@dest                 cstackCOMRAM 000001
strcpy@src                  cstackCOMRAM 000003
vfpfcnvrt@ap                cstackCOMRAM 000038
vfpfcnvrt@c                 cstackCOMRAM 00003F
vfpfcnvrt@convarg           cstackCOMRAM 00003B
vfpfcnvrt@cp                cstackCOMRAM 000040
vfpfcnvrt@fmt               cstackCOMRAM 000037
vfpfcnvrt@fp                cstackCOMRAM 000036
vfprintf@ap                 cstackBANK0  00008E
vfprintf@cfmt               cstackCOMRAM 000041
vfprintf@fmt                cstackBANK0  00008D
vfprintf@fp                 cstackBANK0  00008C
writeData16@address         cstackCOMRAM 000028
writeData16@data            cstackCOMRAM 000030
writeData16@floatData       cstackCOMRAM 000024
writeData16@high            cstackCOMRAM 00002E
writeData16@low             cstackCOMRAM 00002C
writeData@address           cstackCOMRAM 000003
writeData@data              cstackCOMRAM 000001


MODULE INFORMATION

Module		Function		Class		Link	Load	Size
C:\Program Files\Microchip\xc8\v2.45\pic\sources\c99\common\Umul16.c
		___wmul        		CODE           	3F40	0000	42

C:\Program Files\Microchip\xc8\v2.45\pic\sources\c99\common\Umul16.c estimated size: 42

C:\Program Files\Microchip\xc8\v2.45\pic\sources\c99\common\fleq.c
		___fleq        		CODE           	391E	0000	170

C:\Program Files\Microchip\xc8\v2.45\pic\sources\c99\common\fleq.c estimated size: 170

C:\Program Files\Microchip\xc8\v2.45\pic\sources\c99\common\memcpy.c
		_memcpy        		CODE           	3C72	0000	90

C:\Program Files\Microchip\xc8\v2.45\pic\sources\c99\common\memcpy.c estimated size: 90

./lcd.h
		_Lcd_Write_String		CODE           	3E9C	0000	56
		_Lcd_Init      		CODE           	3A68	0000	124
		_Lcd_Write_Char		CODE           	3ED4	0000	56
		_Lcd_Cmd       		CODE           	3F8C	0000	32
		_Lcd_Set_Cursor		CODE           	3BB0	0000	102
		_Lcd_Clear     		CODE           	3FAC	0000	14
		_Lcd_Port      		CODE           	3C16	0000	92

./lcd.h estimated size: 476

C:\Program Files\Microchip\xc8\v2.45\pic\sources\c99\common\flneg.c
		___flneg       		CODE           	3E64	0000	56

C:\Program Files\Microchip\xc8\v2.45\pic\sources\c99\common\flneg.c estimated size: 56

C:\Program Files\Microchip\xc8\v2.45\pic\sources\c99\common\sprcmul.c
		___flmul       		CODE           	1ECC	0000	1102

C:\Program Files\Microchip\xc8\v2.45\pic\sources\c99\common\sprcmul.c estimated size: 1102

C:\Program Files\Microchip\xc8\v2.45\pic\sources\c99\common\labs.c
		_labs          		CODE           	3CCC	0000	86

C:\Program Files\Microchip\xc8\v2.45\pic\sources\c99\common\labs.c estimated size: 86

C:\Program Files\Microchip\xc8\v2.45\pic\sources\c99\common\nf_fputs.c
		_fputs         		CODE           	3DEC	0000	64

C:\Program Files\Microchip\xc8\v2.45\pic\sources\c99\common\nf_fputs.c estimated size: 64

C:\Program Files\Microchip\xc8\v2.45\pic\sources\c99\common\sprcdiv.c
		___fldiv       		CODE           	231A	0000	922

C:\Program Files\Microchip\xc8\v2.45\pic\sources\c99\common\sprcdiv.c estimated size: 922

C:\Program Files\Microchip\xc8\v2.45\pic\sources\c99\common\floorf.c
		_floorf        		CODE           	2BCA	0000	530

C:\Program Files\Microchip\xc8\v2.45\pic\sources\c99\common\floorf.c estimated size: 530

C:\Program Files\Microchip\xc8\v2.45\pic\sources\c99\common\nf_sprintf.c
		_sprintf       		CODE           	3E2C	0000	56

C:\Program Files\Microchip\xc8\v2.45\pic\sources\c99\common\nf_sprintf.c estimated size: 56

C:\Program Files\Microchip\xc8\v2.45\pic\sources\c99\common\awmod.c
		___awmod       		CODE           	3668	0000	176

C:\Program Files\Microchip\xc8\v2.45\pic\sources\c99\common\awmod.c estimated size: 176

C:\Program Files\Microchip\xc8\v2.45\pic\sources\c99\common\putch.c
		_putch         		CODE           	3FBA	0000	2

C:\Program Files\Microchip\xc8\v2.45\pic\sources\c99\common\putch.c estimated size: 2

C:\Program Files\Microchip\xc8\v2.45\pic\sources\c99\common\flge.c
		___flge        		CODE           	3210	0000	260

C:\Program Files\Microchip\xc8\v2.45\pic\sources\c99\common\flge.c estimated size: 260

shared
		__initialization		CODE           	3F6A	0000	24

shared estimated size: 24

C:\Program Files\Microchip\xc8\v2.45\pic\sources\c99\common\xxtofl.c
		___xxtofl      		CODE           	2DDC	0000	436

C:\Program Files\Microchip\xc8\v2.45\pic\sources\c99\common\xxtofl.c estimated size: 436

C:\Program Files\Microchip\xc8\v2.45\pic\sources\c99\common\abs.c
		_abs           		CODE           	3F0C	0000	52

C:\Program Files\Microchip\xc8\v2.45\pic\sources\c99\common\abs.c estimated size: 52

SPI26K83.c
		_deleteAll     		CODE           	3B4A	0000	102
		_loadData      		CODE           	3412	0000	212
		_loadData16    		CODE           	3872	0000	172
		_main          		CODE           	2964	0000	614
		_writeData     		CODE           	35AA	0000	190
		_writeData16   		CODE           	39C8	0000	160

SPI26K83.c estimated size: 1450

C:\Program Files\Microchip\xc8\v2.45\pic\sources\c99\common\__fpclassifyf.c
		___fpclassifyf 		CODE           	3314	0000	254

C:\Program Files\Microchip\xc8\v2.45\pic\sources\c99\common\__fpclassifyf.c estimated size: 254

C:\Program Files\Microchip\xc8\v2.45\pic\sources\c99\common\strcpy.c
		_strcpy        		CODE           	3DAA	0000	66

C:\Program Files\Microchip\xc8\v2.45\pic\sources\c99\common\strcpy.c estimated size: 66

C:\Program Files\Microchip\xc8\v2.45\pic\sources\c99\common\sprcadd.c
		___flsub       		CODE           	3D22	0000	70
		___fladd       		CODE           	1A0C	0000	1216

C:\Program Files\Microchip\xc8\v2.45\pic\sources\c99\common\sprcadd.c estimated size: 1286

C:\Program Files\Microchip\xc8\v2.45\pic\sources\c99\common\nf_fputc.c
		_fputc         		CODE           	37C6	0000	172

C:\Program Files\Microchip\xc8\v2.45\pic\sources\c99\common\nf_fputc.c estimated size: 172

C:\Program Files\Microchip\xc8\v2.45\pic\sources\c99\common\doprnt.c
		_read_prec_or_width		CODE           	3718	0000	174
		_vfpfcnvrt     		CODE           	26B4	0000	688
		_efgtoa        		CODE           	1020	0000	2540
		_pad           		CODE           	3AE4	0000	102
		_dtoa          		CODE           	2F90	0000	378
		_vfprintf      		CODE           	3D68	0000	66

C:\Program Files\Microchip\xc8\v2.45\pic\sources\c99\common\doprnt.c estimated size: 3948

C:\Program Files\Microchip\xc8\v2.45\pic\sources\c99\common\awdiv.c
		___awdiv       		CODE           	34E6	0000	196

C:\Program Files\Microchip\xc8\v2.45\pic\sources\c99\common\awdiv.c estimated size: 196

C:\Program Files\Microchip\xc8\v2.45\pic\sources\c99\common\fltol.c
		___fltol       		CODE           	310A	0000	262

C:\Program Files\Microchip\xc8\v2.45\pic\sources\c99\common\fltol.c estimated size: 262

